<p>This is displayed when true</p><p>This is displayed when true</p><p>This is displayed when true</p>