<header>
    This is the header
</header>
<body>
    This is the body
</body>
<footer>
    This is the footer
</footer>